2026-09-26 21:14:01,071 - INFO - Starting scrape job #4 for https://hotelmarinetta.it/
2026-09-26 21:14:01,071 - INFO - Human-like delay: waiting 3.57s before fetching https://hotelmarinetta.it/...
2026-09-26 21:14:04,642 - INFO - [Browser] Fetching page: https://hotelmarinetta.it/
2026-09-26 21:14:05,321 - ERROR - [Browser] Error rendering https://hotelmarinetta.it/: Page.goto: net::ERR_HTTP2_PROTOCOL_ERROR at https://hotelmarinetta.it/
Call log:
  - navigating to "https://hotelmarinetta.it/", waiting until "load"

2026-09-26 21:14:05,321 - ERROR - Failed to fetch content for https://hotelmarinetta.it/
2026-09-26 21:14:05,324 - INFO - Scrape job #4 completed successfully.
2026-09-26 21:14:24,339 - INFO - Starting scrape job #5 for https://hotelmarinetta.it/
2026-09-26 21:14:24,340 - INFO - Human-like delay: waiting 1.63s before fetching https://hotelmarinetta.it/...
2026-09-26 21:14:25,971 - INFO - [Browser] Fetching page: https://hotelmarinetta.it/
2026-09-26 21:14:26,497 - ERROR - [Browser] Error rendering https://hotelmarinetta.it/: Page.goto: net::ERR_HTTP2_PROTOCOL_ERROR at https://hotelmarinetta.it/
Call log:
  - navigating to "https://hotelmarinetta.it/", waiting until "load"

2026-09-26 21:14:26,497 - WARNING - Playwright failed for https://hotelmarinetta.it/. Falling back to standard HTTP request...
2026-09-26 21:14:26,681 - INFO - Fallback request successful for https://hotelmarinetta.it/ (310610 bytes)
2026-09-26 21:14:26,904 - INFO - Scrape job #5 completed successfully.
2026-09-26 21:30:07,684 - INFO - Starting scrape job #7 for https://hotelmarinetta.it/
2026-09-26 21:30:07,685 - INFO - Human-like delay: waiting 3.68s before fetching https://hotelmarinetta.it/...
2026-09-26 21:30:11,366 - INFO - [Browser] Fetching page: https://hotelmarinetta.it/
2026-09-26 21:30:11,870 - ERROR - [Browser] Error rendering https://hotelmarinetta.it/: Page.goto: net::ERR_HTTP2_PROTOCOL_ERROR at https://hotelmarinetta.it/
Call log:
  - navigating to "https://hotelmarinetta.it/", waiting until "load"

2026-09-26 21:30:11,870 - WARNING - Playwright failed for https://hotelmarinetta.it/. Falling back to standard HTTP request...
2026-09-26 21:30:12,049 - INFO - Fallback request successful for https://hotelmarinetta.it/ (310610 bytes)
2026-09-26 21:30:12,275 - INFO - Scrape job #7 completed successfully.
2026-09-26 21:30:51,932 - INFO - Starting scrape job #8 for https://hotelmarinetta.it/
2026-09-26 21:30:51,933 - INFO - Human-like delay: waiting 3.42s before fetching https://hotelmarinetta.it/...
2026-09-26 21:30:55,354 - INFO - [Browser] Fetching page: https://hotelmarinetta.it/
2026-09-26 21:30:55,996 - ERROR - [Browser] Error rendering https://hotelmarinetta.it/: Page.goto: net::ERR_HTTP2_PROTOCOL_ERROR at https://hotelmarinetta.it/
Call log:
  - navigating to "https://hotelmarinetta.it/", waiting until "load"

2026-09-26 21:30:55,996 - WARNING - Playwright failed for https://hotelmarinetta.it/. Falling back to standard HTTP request...
2026-09-26 21:30:56,169 - INFO - Fallback request successful for https://hotelmarinetta.it/ (310610 bytes)
2026-09-26 21:30:56,399 - INFO - Scrape job #8 completed successfully.
2026-09-26 21:31:39,357 - INFO - Starting scrape job #9 for https://hotelmarinetta.it/
2026-09-26 21:31:39,357 - INFO - Human-like delay: waiting 2.43s before fetching https://hotelmarinetta.it/...
2026-09-26 21:31:41,789 - INFO - [Browser] Fetching page: https://hotelmarinetta.it/
2026-09-26 21:31:42,636 - ERROR - [Browser] Error rendering https://hotelmarinetta.it/: Page.goto: net::ERR_HTTP2_PROTOCOL_ERROR at https://hotelmarinetta.it/
Call log:
  - navigating to "https://hotelmarinetta.it/", waiting until "load"

2026-09-26 21:31:42,636 - WARNING - Playwright failed for https://hotelmarinetta.it/. Falling back to standard HTTP request...
2026-09-26 21:31:42,813 - INFO - Fallback request successful for https://hotelmarinetta.it/ (310610 bytes)
2026-09-26 21:31:43,041 - INFO - Scrape job #9 completed successfully.
2026-09-26 21:32:13,258 - INFO - Starting scrape job #10 for https://hotelmarinetta.it/
2026-09-26 21:32:13,258 - INFO - Human-like delay: waiting 2.93s before fetching https://hotelmarinetta.it/...
2026-09-26 21:32:16,190 - INFO - [Browser] Fetching page: https://hotelmarinetta.it/
2026-09-26 21:32:16,717 - ERROR - [Browser] Error rendering https://hotelmarinetta.it/: Page.goto: net::ERR_HTTP2_PROTOCOL_ERROR at https://hotelmarinetta.it/
Call log:
  - navigating to "https://hotelmarinetta.it/", waiting until "load"

2026-09-26 21:32:16,717 - WARNING - Playwright failed for https://hotelmarinetta.it/. Falling back to standard HTTP request...
2026-09-26 21:32:16,892 - INFO - Fallback request successful for https://hotelmarinetta.it/ (310610 bytes)
2026-09-26 21:32:17,108 - INFO - Scrape job #10 completed successfully.
2026-09-26 21:32:50,155 - INFO - Starting scrape job #11 for https://hotelmarinetta.it/
2026-09-26 21:32:50,156 - INFO - Human-like delay: waiting 1.72s before fetching https://hotelmarinetta.it/...
2026-09-26 21:32:51,877 - INFO - [Browser] Fetching page: https://hotelmarinetta.it/
2026-09-26 21:32:52,736 - ERROR - [Browser] Error rendering https://hotelmarinetta.it/: Page.goto: net::ERR_HTTP2_PROTOCOL_ERROR at https://hotelmarinetta.it/
Call log:
  - navigating to "https://hotelmarinetta.it/", waiting until "load"

2026-09-26 21:32:52,736 - WARNING - Playwright failed for https://hotelmarinetta.it/. Falling back to standard HTTP request...
2026-09-26 21:32:52,906 - INFO - Fallback request successful for https://hotelmarinetta.it/ (310610 bytes)
2026-09-26 21:32:53,119 - INFO - Scrape job #11 completed successfully.
2026-09-26 21:33:25,067 - INFO - Starting scrape job #12 for https://hotelmarinetta.it/
2026-09-26 21:33:25,067 - INFO - Human-like delay: waiting 2.78s before fetching https://hotelmarinetta.it/...
2026-09-26 21:33:27,849 - INFO - [Browser] Fetching page: https://hotelmarinetta.it/
2026-09-26 21:33:28,699 - ERROR - [Browser] Error rendering https://hotelmarinetta.it/: Page.goto: net::ERR_HTTP2_PROTOCOL_ERROR at https://hotelmarinetta.it/
Call log:
  - navigating to "https://hotelmarinetta.it/", waiting until "load"

2026-09-26 21:33:28,699 - WARNING - Playwright failed for https://hotelmarinetta.it/. Falling back to standard HTTP request...
2026-09-26 21:33:28,888 - INFO - Fallback request successful for https://hotelmarinetta.it/ (310610 bytes)
2026-09-26 21:33:29,129 - INFO - Scrape job #12 completed successfully.
2026-09-26 21:33:50,772 - INFO - Starting scrape job #13 for https://hotelmarinetta.it/
2026-09-26 21:33:50,772 - INFO - Human-like delay: waiting 3.2s before fetching https://hotelmarinetta.it/...
2026-09-26 21:33:53,973 - INFO - [Browser] Fetching page: https://hotelmarinetta.it/
2026-09-26 21:33:54,518 - ERROR - [Browser] Error rendering https://hotelmarinetta.it/: Page.goto: net::ERR_HTTP2_PROTOCOL_ERROR at https://hotelmarinetta.it/
Call log:
  - navigating to "https://hotelmarinetta.it/", waiting until "load"

2026-09-26 21:33:54,518 - WARNING - Playwright failed for https://hotelmarinetta.it/. Falling back to standard HTTP request...
2026-09-26 21:33:54,693 - INFO - Fallback request successful for https://hotelmarinetta.it/ (310610 bytes)
2026-09-26 21:33:54,921 - INFO - Scrape job #13 completed successfully.
2026-09-26 21:34:47,026 - INFO - Starting scrape job #14 for https://hotelmarinetta.it/
2026-09-26 21:34:47,026 - INFO - Human-like delay: waiting 2.53s before fetching https://hotelmarinetta.it/...
2026-09-26 21:34:49,557 - INFO - [Browser] Fetching page: https://hotelmarinetta.it/
2026-09-26 21:34:50,129 - ERROR - [Browser] Error rendering https://hotelmarinetta.it/: Page.goto: net::ERR_HTTP2_PROTOCOL_ERROR at https://hotelmarinetta.it/
Call log:
  - navigating to "https://hotelmarinetta.it/", waiting until "load"

2026-09-26 21:34:50,129 - WARNING - Playwright failed for https://hotelmarinetta.it/. Falling back to standard HTTP request...
2026-09-26 21:34:50,305 - INFO - Fallback request successful for https://hotelmarinetta.it/ (310610 bytes)
2026-09-26 21:34:50,533 - INFO - Scrape job #14 completed successfully.
2026-09-26 21:36:08,773 - INFO - Starting scrape job #15 for https://hotelmarinetta.it/
2026-09-26 21:36:08,774 - INFO - Human-like delay: waiting 3.36s before fetching https://hotelmarinetta.it/...
2026-09-26 21:36:12,133 - INFO - [Browser] Fetching page: https://hotelmarinetta.it/
2026-09-26 21:36:12,804 - ERROR - [Browser] Error rendering https://hotelmarinetta.it/: Page.goto: net::ERR_HTTP2_PROTOCOL_ERROR at https://hotelmarinetta.it/
Call log:
  - navigating to "https://hotelmarinetta.it/", waiting until "load"

2026-09-26 21:36:12,804 - WARNING - Playwright failed for https://hotelmarinetta.it/. Falling back to standard HTTP request...
2026-09-26 21:36:12,982 - INFO - Fallback request successful for https://hotelmarinetta.it/ (310610 bytes)
2026-09-26 21:36:18,050 - INFO - Scrape job #15 completed successfully.
2026-09-26 22:50:26,990 - INFO - Starting scrape job #16 for https://hotelmarinetta.it/
2026-09-26 22:50:26,991 - INFO - Human-like delay: waiting 2.69s before fetching https://hotelmarinetta.it/...
2026-09-26 22:50:29,682 - INFO - [Browser] Fetching page: https://hotelmarinetta.it/
2026-09-26 22:50:32,773 - INFO - [Browser] Successfully rendered https://hotelmarinetta.it/
2026-09-26 22:50:32,785 - WARNING - Error in should_skip_element: cannot access local variable 'element_classes' where it is not associated with a value
2026-09-26 22:50:32,786 - WARNING - Error in should_skip_element: cannot access local variable 'element_classes' where it is not associated with a value
2026-09-26 22:50:32,786 - WARNING - Error in should_skip_element: cannot access local variable 'element_classes' where it is not associated with a value
2026-09-26 22:50:32,786 - ERROR - Error in process_all_elements: name 'logging' is not defined
2026-09-26 22:50:32,787 - WARNING - Error in should_skip_element: cannot access local variable 'element_classes' where it is not associated with a value
2026-09-26 22:50:33,277 - ERROR - Job failed: too many values to unpack (expected 3)
2026-09-26 22:50:33,285 - INFO - Scrape job #16 completed successfully.
2026-09-26 22:50:59,757 - INFO - Starting scrape job #17 for https://hotelmarinetta.it/
2026-09-26 22:50:59,757 - INFO - Human-like delay: waiting 3.6s before fetching https://hotelmarinetta.it/...
2026-09-26 22:51:03,359 - INFO - [Browser] Fetching page: https://hotelmarinetta.it/
2026-09-26 22:51:06,226 - INFO - [Browser] Successfully rendered https://hotelmarinetta.it/
2026-09-26 22:51:06,239 - ERROR - Error in html_to_markdown: name 'logging' is not defined
2026-09-26 22:51:06,239 - ERROR - Error in html_to_markdown: name 'logging' is not defined
2026-09-26 22:51:06,736 - INFO - Scrape job #17 completed successfully.
2026-09-26 22:51:15,394 - INFO - Starting scrape job #18 for https://hotelmarinetta.it/
2026-09-26 22:51:15,394 - INFO - Human-like delay: waiting 3.88s before fetching https://hotelmarinetta.it/...
2026-09-26 22:51:19,275 - INFO - [Browser] Fetching page: https://hotelmarinetta.it/
2026-09-26 22:51:22,147 - INFO - [Browser] Successfully rendered https://hotelmarinetta.it/
2026-09-26 22:51:22,159 - INFO - HTML_TO_MD IMG: src=https://d1rozh26tys225.cloudfront.net/robot-suspicion.svg class=None
2026-09-26 22:51:22,409 - INFO - HTML_TO_MD IMG: src=https://d1rozh26tys225.cloudfront.net/loader.svg class=None
2026-09-26 22:51:22,699 - INFO - Scrape job #18 completed successfully.
2026-09-26 22:51:38,632 - INFO - Starting scrape job #19 for https://hotelmarinetta.it/
2026-09-26 22:51:38,632 - INFO - Human-like delay: waiting 4.34s before fetching https://hotelmarinetta.it/...
2026-09-26 22:51:42,974 - INFO - [Browser] Fetching page: https://hotelmarinetta.it/
2026-09-26 22:51:45,791 - INFO - [Browser] Successfully rendered https://hotelmarinetta.it/
2026-09-26 22:51:45,812 - INFO - Scrape job #19 completed successfully.
2026-09-26 22:52:10,916 - INFO - Starting scrape job #20 for https://hotelmarinetta.it/
2026-09-26 22:52:10,916 - INFO - Human-like delay: waiting 2.19s before fetching https://hotelmarinetta.it/...
2026-09-26 22:52:13,108 - INFO - [Browser] Fetching page: https://hotelmarinetta.it/
2026-09-26 22:52:15,907 - INFO - [Browser] Successfully rendered https://hotelmarinetta.it/
2026-09-26 22:52:15,913 - WARNING - Playwright failed or hit bot challenge for https://hotelmarinetta.it/. Falling back to standard HTTP request...
2026-09-26 22:52:16,291 - INFO - Fallback request successful for https://hotelmarinetta.it/ (168 bytes)
2026-09-26 22:52:16,300 - INFO - Scrape job #20 completed successfully.
2026-09-26 22:52:33,101 - INFO - Starting scrape job #21 for https://goldenresidenceclub.it/
2026-09-26 22:52:33,102 - INFO - Human-like delay: waiting 3.91s before fetching https://goldenresidenceclub.it/...
2026-09-26 22:52:37,013 - INFO - [Browser] Fetching page: https://goldenresidenceclub.it/
2026-09-26 22:52:40,162 - INFO - [Browser] Successfully rendered https://goldenresidenceclub.it/
2026-09-26 22:52:40,167 - WARNING - Playwright failed or hit bot challenge for https://goldenresidenceclub.it/. Falling back to standard HTTP request...
2026-09-26 22:52:40,589 - INFO - Fallback request successful for https://goldenresidenceclub.it/ (168 bytes)
2026-09-26 22:52:40,600 - INFO - Scrape job #21 completed successfully.
2026-09-26 22:53:18,276 - INFO - Starting scrape job #22 for https://hotelmarinetta.it/
2026-09-26 22:53:18,276 - INFO - Human-like delay: waiting 3.99s before fetching https://hotelmarinetta.it/...
2026-09-26 22:53:22,268 - INFO - [Browser] Fetching page: https://hotelmarinetta.it/
2026-09-26 22:53:25,347 - INFO - [Browser] Successfully rendered https://hotelmarinetta.it/
2026-09-26 22:53:25,353 - WARNING - Playwright failed or hit bot challenge for https://hotelmarinetta.it/. Falling back to standard HTTP request...
2026-09-26 22:53:25,724 - INFO - Fallback request successful for https://hotelmarinetta.it/ (168 bytes)
2026-09-26 22:53:25,737 - INFO - Scrape job #22 completed successfully.
2026-09-26 22:58:41,926 - INFO - Starting scrape job #23 for https://goldenresidenceclub.it/
2026-09-26 22:58:41,927 - INFO - Human-like delay: waiting 3.14s before fetching https://goldenresidenceclub.it/...
2026-09-26 22:58:45,068 - INFO - [Browser] Fetching page: https://goldenresidenceclub.it/
2026-09-26 22:58:48,855 - INFO - [Browser] Successfully rendered https://goldenresidenceclub.it/
2026-09-26 22:58:54,293 - INFO - Scrape job #23 completed successfully.
2026-09-26 22:59:24,869 - INFO - Starting scrape job #24 for https://hotelmarinetta.it/
2026-09-26 22:59:24,869 - INFO - Human-like delay: waiting 2.57s before fetching https://hotelmarinetta.it/...
2026-09-26 22:59:27,443 - INFO - [Browser] Fetching page: https://hotelmarinetta.it/
2026-09-26 22:59:31,271 - INFO - [Browser] Successfully rendered https://hotelmarinetta.it/
2026-09-26 22:59:55,548 - INFO - Scrape job #24 completed successfully.
2026-09-26 23:00:42,826 - INFO - Starting scrape job #25 for https://hotelmarinetta.it/
2026-09-26 23:00:42,826 - INFO - Human-like delay: waiting 1.5s before fetching https://hotelmarinetta.it/...
2026-09-26 23:00:44,327 - INFO - [Browser] Fetching page: https://hotelmarinetta.it/
2026-09-26 23:00:47,713 - INFO - [Browser] Successfully rendered https://hotelmarinetta.it/
2026-09-26 23:00:47,747 - WARNING - Playwright failed or hit bot challenge for https://hotelmarinetta.it/. Falling back to standard HTTP request...
2026-09-26 23:00:48,114 - ERROR - Fallback fetch also failed for https://hotelmarinetta.it/: Fallback request also returned a suspiciously small page (likely a bot challenge).
2026-09-26 23:00:48,118 - INFO - Scrape job #25 completed successfully.
2026-09-26 23:16:49,333 - INFO - Starting scrape job #3 for https://hotelmarinetta.it/
2026-09-26 23:16:49,334 - INFO - Human-like delay: waiting 4.12s before fetching https://hotelmarinetta.it/...
2026-09-26 23:16:53,455 - INFO - [Browser] Fetching page: https://hotelmarinetta.it/
2026-09-26 23:16:57,313 - INFO - [Browser] Successfully rendered https://hotelmarinetta.it/
2026-09-26 23:17:20,948 - INFO - Scrape job #3 completed successfully.
2026-09-26 23:28:40,636 - INFO - Starting scrape job #4 for https://hotelmarinetta.it/
2026-09-26 23:28:40,636 - INFO - Human-like delay: waiting 3.14s before fetching https://hotelmarinetta.it/...
2026-09-26 23:28:43,778 - INFO - [Browser] Fetching page: https://hotelmarinetta.it/
2026-09-26 23:28:47,512 - INFO - [Browser] Successfully rendered https://hotelmarinetta.it/
2026-09-26 23:28:47,549 - WARNING - Playwright failed or hit bot challenge for https://hotelmarinetta.it/. Falling back to standard HTTP request...
2026-09-26 23:28:47,928 - ERROR - Fallback fetch also failed for https://hotelmarinetta.it/: Fallback request also returned a suspiciously small page (likely a bot challenge).
2026-09-26 23:28:47,937 - INFO - Scrape job #4 completed successfully.
2026-09-26 23:29:04,805 - INFO - Starting scrape job #5 for https://hotelmarinetta.it/
2026-09-26 23:29:04,806 - INFO - Human-like delay: waiting 3.02s before fetching https://hotelmarinetta.it/...
2026-09-26 23:29:07,827 - INFO - [Browser] Fetching page: https://hotelmarinetta.it/
2026-09-26 23:29:11,268 - INFO - [Browser] Successfully rendered https://hotelmarinetta.it/
2026-09-26 23:29:11,296 - WARNING - Playwright failed or hit bot challenge for https://hotelmarinetta.it/. Falling back to standard HTTP request...
2026-09-26 23:29:11,671 - ERROR - Fallback fetch also failed for https://hotelmarinetta.it/: Fallback request also returned a suspiciously small page (likely a bot challenge).
2026-09-26 23:29:11,680 - INFO - Scrape job #5 completed successfully.
